Copyright 1986-2017 Xilinx, Inc. All Rights Reserved.
----------------------------------------------------------------------------------------------------------
| Tool Version : Vivado v.2017.4 (lin64) Build 2086221 Fri Dec 15 20:54:30 MST 2017
| Date         : Fri Feb  2 19:42:49 2018
| Host         : machine running 64-bit Debian GNU/Linux 9.3 (stretch)
| Command      : report_control_sets -verbose -file zynq_interrupt_system_wrapper_control_sets_placed.rpt
| Design       : zynq_interrupt_system_wrapper
| Device       : xc7z010
----------------------------------------------------------------------------------------------------------

Control Set Information

Table of Contents
-----------------
1. Summary
2. Flip-Flop Distribution
3. Detailed Control Set Information

1. Summary
----------

+----------------------------------------------------------+-------+
|                          Status                          | Count |
+----------------------------------------------------------+-------+
| Number of unique control sets                            |    62 |
| Unused register locations in slices containing registers |   161 |
+----------------------------------------------------------+-------+


2. Flip-Flop Distribution
-------------------------

+--------------+-----------------------+------------------------+-----------------+--------------+
| Clock Enable | Synchronous Set/Reset | Asynchronous Set/Reset | Total Registers | Total Slices |
+--------------+-----------------------+------------------------+-----------------+--------------+
| No           | No                    | No                     |             170 |           57 |
| No           | No                    | Yes                    |               0 |            0 |
| No           | Yes                   | No                     |             182 |           62 |
| Yes          | No                    | No                     |             471 |          107 |
| Yes          | No                    | Yes                    |               0 |            0 |
| Yes          | Yes                   | No                     |             296 |          110 |
+--------------+-----------------------+------------------------+-----------------+--------------+


3. Detailed Control Set Information
-----------------------------------

+--------------------------------------------------------------+-----------------------------------------------------------------------------------------------------------------------------------------------------------------------------+-------------------------------------------------------------------------------------------------------------------------------------------------------+------------------+----------------+
|                         Clock Signal                         |                                                                                Enable Signal                                                                                |                                                                    Set/Reset Signal                                                                   | Slice Load Count | Bel Load Count |
+--------------------------------------------------------------+-----------------------------------------------------------------------------------------------------------------------------------------------------------------------------+-------------------------------------------------------------------------------------------------------------------------------------------------------+------------------+----------------+
|  zynq_interrupt_system_i/processing_system7_0/inst/FCLK_CLK0 |                                                                                                                                                                             | zynq_interrupt_system_i/axi_timer_0/U0/TC_CORE_I/TIMER_CONTROL_I/R_0                                                                                  |                1 |              1 |
|  zynq_interrupt_system_i/processing_system7_0/inst/FCLK_CLK0 |                                                                                                                                                                             | zynq_interrupt_system_i/axi_timer_0/U0/TC_CORE_I/TIMER_CONTROL_I/READ_DONE1_I_i_1_n_0                                                                 |                1 |              1 |
|  zynq_interrupt_system_i/processing_system7_0/inst/FCLK_CLK0 |                                                                                                                                                                             | zynq_interrupt_system_i/axi_timer_0/U0/AXI4_LITE_I/I_SLAVE_ATTACHMENT/I_DECODER/TCSR1_GENERATE[23].TCSR1_FF_I                                         |                1 |              1 |
|  zynq_interrupt_system_i/processing_system7_0/inst/FCLK_CLK0 |                                                                                                                                                                             | zynq_interrupt_system_i/axi_timer_0/U0/AXI4_LITE_I/I_SLAVE_ATTACHMENT/I_DECODER/TCSR0_GENERATE[23].TCSR0_FF_I_1                                       |                1 |              1 |
|  zynq_interrupt_system_i/processing_system7_0/inst/FCLK_CLK0 | zynq_interrupt_system_i/ps7_0_axi_periph/s00_couplers/auto_pc/inst/gen_axilite.gen_b2s_conv.axilite_b2s/WR.b_channel_0/bid_fifo_0/bresp_push                                |                                                                                                                                                       |                1 |              2 |
|  zynq_interrupt_system_i/processing_system7_0/inst/FCLK_CLK0 |                                                                                                                                                                             | zynq_interrupt_system_i/axi_gpio_1/U0/AXI_LITE_IPIF_I/I_SLAVE_ATTACHMENT/I_DECODER/Not_Dual.ALLOUT_ND.READ_REG_GEN[0].reg1_reg[28]                    |                1 |              4 |
|  zynq_interrupt_system_i/processing_system7_0/inst/FCLK_CLK0 | zynq_interrupt_system_i/axi_gpio_0/U0/AXI_LITE_IPIF_I/I_SLAVE_ATTACHMENT/I_DECODER/Not_Dual.gpio_OE_reg[0][0]                                                               | zynq_interrupt_system_i/axi_gpio_0/U0/bus2ip_reset                                                                                                    |                1 |              4 |
|  zynq_interrupt_system_i/processing_system7_0/inst/FCLK_CLK0 | zynq_interrupt_system_i/axi_timer_0/U0/AXI4_LITE_I/I_SLAVE_ATTACHMENT/bus2ip_addr_i[4]_i_1_n_0                                                                              | zynq_interrupt_system_i/axi_timer_0/U0/AXI4_LITE_I/I_SLAVE_ATTACHMENT/rst                                                                             |                1 |              4 |
|  zynq_interrupt_system_i/processing_system7_0/inst/FCLK_CLK0 | zynq_interrupt_system_i/axi_timer_0/U0/AXI4_LITE_I/I_SLAVE_ATTACHMENT/I_DECODER/pair0_Select                                                                                | zynq_interrupt_system_i/axi_timer_0/U0/TC_CORE_I/GEN_SECOND_TIMER.COUNTER_1_I/COUNTER_I/INFERRED_GEN.icount_out_reg[31]_0                             |                1 |              4 |
|  zynq_interrupt_system_i/processing_system7_0/inst/FCLK_CLK0 |                                                                                                                                                                             | zynq_interrupt_system_i/ps7_0_axi_periph/s00_couplers/auto_pc/inst/gen_axilite.gen_b2s_conv.axilite_b2s/SI_REG/aw.aw_pipe/s_ready_i_reg_0             |                3 |              4 |
|  zynq_interrupt_system_i/processing_system7_0/inst/FCLK_CLK0 |                                                                                                                                                                             | zynq_interrupt_system_i/ps7_0_axi_periph/s00_couplers/auto_pc/inst/gen_axilite.gen_b2s_conv.axilite_b2s/SI_REG/ar.ar_pipe/m_valid_i_reg_0             |                3 |              4 |
|  zynq_interrupt_system_i/processing_system7_0/inst/FCLK_CLK0 | zynq_interrupt_system_i/axi_gpio_1/U0/AXI_LITE_IPIF_I/I_SLAVE_ATTACHMENT/start2                                                                                             | zynq_interrupt_system_i/axi_gpio_1/U0/AXI_LITE_IPIF_I/I_SLAVE_ATTACHMENT/I_DECODER/cs_ce_clr                                                          |                1 |              4 |
|  zynq_interrupt_system_i/processing_system7_0/inst/FCLK_CLK0 |                                                                                                                                                                             | zynq_interrupt_system_i/axi_gpio_1/U0/AXI_LITE_IPIF_I/I_SLAVE_ATTACHMENT/clear                                                                        |                1 |              4 |
|  zynq_interrupt_system_i/processing_system7_0/inst/FCLK_CLK0 | zynq_interrupt_system_i/axi_gpio_1/U0/AXI_LITE_IPIF_I/I_SLAVE_ATTACHMENT/bus2ip_addr_i[8]_i_1_n_0                                                                           | zynq_interrupt_system_i/axi_gpio_1/U0/AXI_LITE_IPIF_I/I_SLAVE_ATTACHMENT/SR                                                                           |                1 |              4 |
|  zynq_interrupt_system_i/processing_system7_0/inst/FCLK_CLK0 | zynq_interrupt_system_i/ps7_0_axi_periph/s00_couplers/auto_pc/inst/gen_axilite.gen_b2s_conv.axilite_b2s/RD.ar_channel_0/ar_cmd_fsm_0/axlen_cnt_reg[4][0]                    | zynq_interrupt_system_i/ps7_0_axi_periph/s00_couplers/auto_pc/inst/gen_axilite.gen_b2s_conv.axilite_b2s/RD.ar_channel_0/ar_cmd_fsm_0/axlen_cnt_reg[7] |                2 |              4 |
|  zynq_interrupt_system_i/processing_system7_0/inst/FCLK_CLK0 | zynq_interrupt_system_i/ps7_0_axi_periph/s00_couplers/auto_pc/inst/gen_axilite.gen_b2s_conv.axilite_b2s/WR.aw_channel_0/aw_cmd_fsm_0/E[0]                                   | zynq_interrupt_system_i/ps7_0_axi_periph/s00_couplers/auto_pc/inst/gen_axilite.gen_b2s_conv.axilite_b2s/WR.aw_channel_0/aw_cmd_fsm_0/axlen_cnt_reg[7] |                2 |              4 |
|  zynq_interrupt_system_i/processing_system7_0/inst/FCLK_CLK0 |                                                                                                                                                                             | zynq_interrupt_system_i/axi_gpio_0/U0/AXI_LITE_IPIF_I/I_SLAVE_ATTACHMENT/clear                                                                        |                2 |              4 |
|  zynq_interrupt_system_i/processing_system7_0/inst/FCLK_CLK0 |                                                                                                                                                                             | zynq_interrupt_system_i/axi_gpio_0/U0/AXI_LITE_IPIF_I/I_SLAVE_ATTACHMENT/I_DECODER/Not_Dual.ALLIN1_ND.READ_REG_GEN[0].reg1_reg[28]                    |                1 |              4 |
|  zynq_interrupt_system_i/processing_system7_0/inst/FCLK_CLK0 |                                                                                                                                                                             | zynq_interrupt_system_i/rst_ps7_0_100M/U0/EXT_LPF/lpf_int                                                                                             |                2 |              5 |
|  zynq_interrupt_system_i/processing_system7_0/inst/FCLK_CLK0 | zynq_interrupt_system_i/axi_gpio_1/U0/AXI_LITE_IPIF_I/I_SLAVE_ATTACHMENT/s_axi_rdata_i[31]_i_1_n_0                                                                          | zynq_interrupt_system_i/axi_gpio_1/U0/AXI_LITE_IPIF_I/I_SLAVE_ATTACHMENT/SR                                                                           |                2 |              5 |
|  zynq_interrupt_system_i/processing_system7_0/inst/FCLK_CLK0 |                                                                                                                                                                             | zynq_interrupt_system_i/axi_timer_0/U0/AXI4_LITE_I/I_SLAVE_ATTACHMENT/clear                                                                           |                2 |              6 |
|  zynq_interrupt_system_i/processing_system7_0/inst/FCLK_CLK0 | zynq_interrupt_system_i/axi_gpio_0/U0/AXI_LITE_IPIF_I/I_SLAVE_ATTACHMENT/s_axi_rdata_i                                                                                      | zynq_interrupt_system_i/axi_gpio_0/U0/bus2ip_reset                                                                                                    |                1 |              6 |
|  zynq_interrupt_system_i/processing_system7_0/inst/FCLK_CLK0 | zynq_interrupt_system_i/rst_ps7_0_100M/U0/SEQ/seq_cnt_en                                                                                                                    | zynq_interrupt_system_i/rst_ps7_0_100M/U0/SEQ/SEQ_COUNTER/clear                                                                                       |                1 |              6 |
|  zynq_interrupt_system_i/processing_system7_0/inst/FCLK_CLK0 | zynq_interrupt_system_i/axi_timer_0/U0/AXI4_LITE_I/I_SLAVE_ATTACHMENT/start2                                                                                                | zynq_interrupt_system_i/axi_timer_0/U0/AXI4_LITE_I/I_SLAVE_ATTACHMENT/I_DECODER/cs_ce_clr                                                             |                4 |              7 |
|  zynq_interrupt_system_i/processing_system7_0/inst/FCLK_CLK0 |                                                                                                                                                                             | zynq_interrupt_system_i/axi_timer_0/U0/AXI4_LITE_I/I_SLAVE_ATTACHMENT/rst                                                                             |                3 |              7 |
|  zynq_interrupt_system_i/processing_system7_0/inst/FCLK_CLK0 | zynq_interrupt_system_i/ps7_0_axi_periph/s00_couplers/auto_pc/inst/gen_axilite.gen_b2s_conv.axilite_b2s/WR.b_channel_0/mhandshake_r                                         | zynq_interrupt_system_i/ps7_0_axi_periph/s00_couplers/auto_pc/inst/gen_axilite.gen_b2s_conv.axilite_b2s/WR.b_channel_0/bid_fifo_0/SR[0]               |                3 |              8 |
|  zynq_interrupt_system_i/processing_system7_0/inst/FCLK_CLK0 | zynq_interrupt_system_i/axi_timer_0/U0/AXI4_LITE_I/I_SLAVE_ATTACHMENT/I_DECODER/bus2ip_wrce[0]                                                                              | zynq_interrupt_system_i/axi_timer_0/U0/TC_CORE_I/GEN_SECOND_TIMER.COUNTER_1_I/COUNTER_I/INFERRED_GEN.icount_out_reg[31]_0                             |                3 |              8 |
|  zynq_interrupt_system_i/processing_system7_0/inst/FCLK_CLK0 | zynq_interrupt_system_i/axi_gpio_1/U0/AXI_LITE_IPIF_I/I_SLAVE_ATTACHMENT/I_DECODER/E[0]                                                                                     | zynq_interrupt_system_i/axi_gpio_1/U0/AXI_LITE_IPIF_I/I_SLAVE_ATTACHMENT/SR                                                                           |                2 |              8 |
|  zynq_interrupt_system_i/processing_system7_0/inst/FCLK_CLK0 | zynq_interrupt_system_i/axi_gpio_0/U0/AXI_LITE_IPIF_I/I_SLAVE_ATTACHMENT/start2_i_1_n_0                                                                                     | zynq_interrupt_system_i/axi_gpio_0/U0/bus2ip_reset                                                                                                    |                1 |              8 |
|  zynq_interrupt_system_i/processing_system7_0/inst/FCLK_CLK0 | zynq_interrupt_system_i/axi_timer_0/U0/AXI4_LITE_I/I_SLAVE_ATTACHMENT/I_DECODER/bus2ip_wrce[1]                                                                              | zynq_interrupt_system_i/axi_timer_0/U0/TC_CORE_I/GEN_SECOND_TIMER.COUNTER_1_I/COUNTER_I/INFERRED_GEN.icount_out_reg[31]_0                             |                5 |              9 |
|  zynq_interrupt_system_i/processing_system7_0/inst/FCLK_CLK0 |                                                                                                                                                                             | zynq_interrupt_system_i/axi_timer_0/U0/TC_CORE_I/GEN_SECOND_TIMER.COUNTER_1_I/COUNTER_I/INFERRED_GEN.icount_out_reg[31]_0                             |                3 |             12 |
|  zynq_interrupt_system_i/processing_system7_0/inst/FCLK_CLK0 | zynq_interrupt_system_i/ps7_0_axi_periph/s00_couplers/auto_pc/inst/gen_axilite.gen_b2s_conv.axilite_b2s/WR.aw_channel_0/aw_cmd_fsm_0/wrap_boundary_axaddr_r_reg[0][0]       |                                                                                                                                                       |                8 |             12 |
|  zynq_interrupt_system_i/processing_system7_0/inst/FCLK_CLK0 | zynq_interrupt_system_i/ps7_0_axi_periph/s00_couplers/auto_pc/inst/gen_axilite.gen_b2s_conv.axilite_b2s/WR.aw_channel_0/cmd_translator_0/incr_cmd_0/axaddr_incr[11]_i_1_n_0 |                                                                                                                                                       |                2 |             12 |
|  zynq_interrupt_system_i/processing_system7_0/inst/FCLK_CLK0 | zynq_interrupt_system_i/ps7_0_axi_periph/s00_couplers/auto_pc/inst/gen_axilite.gen_b2s_conv.axilite_b2s/RD.ar_channel_0/ar_cmd_fsm_0/E[0]                                   |                                                                                                                                                       |                4 |             12 |
|  zynq_interrupt_system_i/processing_system7_0/inst/FCLK_CLK0 | zynq_interrupt_system_i/ps7_0_axi_periph/s00_couplers/auto_pc/inst/gen_axilite.gen_b2s_conv.axilite_b2s/RD.ar_channel_0/ar_cmd_fsm_0/axaddr_incr_reg[0][0]                  |                                                                                                                                                       |                3 |             12 |
|  zynq_interrupt_system_i/processing_system7_0/inst/FCLK_CLK0 | zynq_interrupt_system_i/ps7_0_axi_periph/s00_couplers/auto_pc/inst/gen_axilite.gen_b2s_conv.axilite_b2s/RD.r_channel_0/r_push_r                                             |                                                                                                                                                       |                4 |             13 |
|  zynq_interrupt_system_i/processing_system7_0/inst/FCLK_CLK0 |                                                                                                                                                                             | zynq_interrupt_system_i/ps7_0_axi_periph/xbar/inst/gen_sasd.crossbar_sasd_0/addr_arbiter_inst/SR[0]                                                   |                6 |             13 |
|  zynq_interrupt_system_i/processing_system7_0/inst/FCLK_CLK0 | zynq_interrupt_system_i/ps7_0_axi_periph/s00_couplers/auto_pc/inst/gen_axilite.gen_b2s_conv.axilite_b2s/SI_REG/b.b_pipe/skid_buffer_reg[0]_0                                |                                                                                                                                                       |                3 |             14 |
|  zynq_interrupt_system_i/processing_system7_0/inst/FCLK_CLK0 | zynq_interrupt_system_i/ps7_0_axi_periph/s00_couplers/auto_pc/inst/gen_axilite.gen_b2s_conv.axilite_b2s/SI_REG/b.b_pipe/p_1_in                                              |                                                                                                                                                       |                2 |             14 |
|  zynq_interrupt_system_i/processing_system7_0/inst/FCLK_CLK0 | zynq_interrupt_system_i/ps7_0_axi_periph/s00_couplers/auto_pc/inst/gen_axilite.gen_b2s_conv.axilite_b2s/WR.aw_channel_0/aw_cmd_fsm_0/b_push                                 |                                                                                                                                                       |                3 |             16 |
|  zynq_interrupt_system_i/processing_system7_0/inst/FCLK_CLK0 |                                                                                                                                                                             | zynq_interrupt_system_i/axi_gpio_1/U0/AXI_LITE_IPIF_I/I_SLAVE_ATTACHMENT/SR                                                                           |                6 |             16 |
|  zynq_interrupt_system_i/processing_system7_0/inst/FCLK_CLK0 | zynq_interrupt_system_i/axi_gpio_0/U0/AXI_LITE_IPIF_I/I_SLAVE_ATTACHMENT/start2                                                                                             | zynq_interrupt_system_i/axi_gpio_0/U0/AXI_LITE_IPIF_I/I_SLAVE_ATTACHMENT/I_DECODER/cs_ce_clr                                                          |                4 |             20 |
|  zynq_interrupt_system_i/processing_system7_0/inst/FCLK_CLK0 | zynq_interrupt_system_i/ps7_0_axi_periph/s00_couplers/auto_pc/inst/gen_axilite.gen_b2s_conv.axilite_b2s/WR.aw_channel_0/aw_cmd_fsm_0/E[0]                                   |                                                                                                                                                       |                9 |             21 |
|  zynq_interrupt_system_i/processing_system7_0/inst/FCLK_CLK0 | zynq_interrupt_system_i/ps7_0_axi_periph/s00_couplers/auto_pc/inst/gen_axilite.gen_b2s_conv.axilite_b2s/RD.ar_channel_0/ar_cmd_fsm_0/axlen_cnt_reg[4][0]                    |                                                                                                                                                       |                8 |             21 |
|  zynq_interrupt_system_i/processing_system7_0/inst/FCLK_CLK0 | zynq_interrupt_system_i/ps7_0_axi_periph/xbar/inst/gen_sasd.crossbar_sasd_0/addr_arbiter_inst/p_0_in1_in                                                                    | zynq_interrupt_system_i/ps7_0_axi_periph/xbar/inst/gen_sasd.crossbar_sasd_0/addr_arbiter_inst/SR[0]                                                   |                9 |             23 |
|  zynq_interrupt_system_i/processing_system7_0/inst/FCLK_CLK0 | zynq_interrupt_system_i/ps7_0_axi_periph/xbar/inst/gen_sasd.crossbar_sasd_0/reg_slice_r/aa_rready                                                                           |                                                                                                                                                       |                7 |             32 |
|  zynq_interrupt_system_i/processing_system7_0/inst/FCLK_CLK0 | zynq_interrupt_system_i/axi_timer_0/U0/TC_CORE_I/TIMER_CONTROL_I/LOAD_REG_GEN[24].LOAD_REG_I_0                                                                              | zynq_interrupt_system_i/axi_timer_0/U0/TC_CORE_I/GEN_SECOND_TIMER.COUNTER_1_I/COUNTER_I/INFERRED_GEN.icount_out_reg[31]_0                             |               10 |             32 |
|  zynq_interrupt_system_i/processing_system7_0/inst/FCLK_CLK0 | zynq_interrupt_system_i/axi_timer_0/U0/TC_CORE_I/TIMER_CONTROL_I/LOAD_REG_GEN[24].LOAD_REG_I                                                                                | zynq_interrupt_system_i/axi_timer_0/U0/TC_CORE_I/GEN_SECOND_TIMER.COUNTER_1_I/COUNTER_I/INFERRED_GEN.icount_out_reg[31]_0                             |               12 |             32 |
|  zynq_interrupt_system_i/processing_system7_0/inst/FCLK_CLK0 | zynq_interrupt_system_i/axi_timer_0/U0/TC_CORE_I/TIMER_CONTROL_I/INPUT_DOUBLE_REGS3/INFERRED_GEN.icount_out_reg[0]                                                          | zynq_interrupt_system_i/axi_timer_0/U0/TC_CORE_I/GEN_SECOND_TIMER.COUNTER_1_I/COUNTER_I/INFERRED_GEN.icount_out_reg[31]_0                             |                7 |             32 |
|  zynq_interrupt_system_i/processing_system7_0/inst/FCLK_CLK0 | zynq_interrupt_system_i/axi_timer_0/U0/TC_CORE_I/TIMER_CONTROL_I/INPUT_DOUBLE_REGS3/INFERRED_GEN.icount_out_reg[0]_0                                                        | zynq_interrupt_system_i/axi_timer_0/U0/TC_CORE_I/GEN_SECOND_TIMER.COUNTER_1_I/COUNTER_I/INFERRED_GEN.icount_out_reg[31]_0                             |                5 |             32 |
|  zynq_interrupt_system_i/processing_system7_0/inst/FCLK_CLK0 | zynq_interrupt_system_i/axi_timer_0/U0/AXI4_LITE_I/I_SLAVE_ATTACHMENT/s_axi_rdata_i[31]_i_1_n_0                                                                             | zynq_interrupt_system_i/axi_timer_0/U0/AXI4_LITE_I/I_SLAVE_ATTACHMENT/rst                                                                             |               32 |             32 |
|  zynq_interrupt_system_i/processing_system7_0/inst/FCLK_CLK0 | zynq_interrupt_system_i/ps7_0_axi_periph/s00_couplers/auto_pc/inst/gen_axilite.gen_b2s_conv.axilite_b2s/RD.r_channel_0/rd_data_fifo_0/wr_en0                                |                                                                                                                                                       |                9 |             34 |
|  zynq_interrupt_system_i/processing_system7_0/inst/FCLK_CLK0 | zynq_interrupt_system_i/ps7_0_axi_periph/xbar/inst/gen_sasd.crossbar_sasd_0/addr_arbiter_inst/E[0]                                                                          |                                                                                                                                                       |                8 |             35 |
|  zynq_interrupt_system_i/processing_system7_0/inst/FCLK_CLK0 |                                                                                                                                                                             | zynq_interrupt_system_i/axi_gpio_0/U0/bus2ip_reset                                                                                                    |               12 |             36 |
|  zynq_interrupt_system_i/processing_system7_0/inst/FCLK_CLK0 | zynq_interrupt_system_i/ps7_0_axi_periph/s00_couplers/auto_pc/inst/gen_axilite.gen_b2s_conv.axilite_b2s/SI_REG/r.r_pipe/p_1_in                                              |                                                                                                                                                       |                8 |             47 |
|  zynq_interrupt_system_i/processing_system7_0/inst/FCLK_CLK0 | zynq_interrupt_system_i/ps7_0_axi_periph/s00_couplers/auto_pc/inst/gen_axilite.gen_b2s_conv.axilite_b2s/SI_REG/r.r_pipe/skid_buffer_reg[0]_0                                |                                                                                                                                                       |                7 |             47 |
|  zynq_interrupt_system_i/processing_system7_0/inst/FCLK_CLK0 | zynq_interrupt_system_i/ps7_0_axi_periph/s00_couplers/auto_pc/inst/gen_axilite.gen_b2s_conv.axilite_b2s/SI_REG/aw.aw_pipe/s_axi_awready                                     |                                                                                                                                                       |               11 |             48 |
|  zynq_interrupt_system_i/processing_system7_0/inst/FCLK_CLK0 | zynq_interrupt_system_i/ps7_0_axi_periph/s00_couplers/auto_pc/inst/gen_axilite.gen_b2s_conv.axilite_b2s/SI_REG/ar.ar_pipe/s_axi_arready                                     |                                                                                                                                                       |               11 |             48 |
|  zynq_interrupt_system_i/processing_system7_0/inst/FCLK_CLK0 | zynq_interrupt_system_i/ps7_0_axi_periph/s00_couplers/auto_pc/inst/gen_axilite.gen_b2s_conv.axilite_b2s/WR.aw_channel_0/aw_cmd_fsm_0/m_payload_i_reg[0][0]                  |                                                                                                                                                       |                7 |             48 |
|  zynq_interrupt_system_i/processing_system7_0/inst/FCLK_CLK0 | zynq_interrupt_system_i/ps7_0_axi_periph/s00_couplers/auto_pc/inst/gen_axilite.gen_b2s_conv.axilite_b2s/RD.ar_channel_0/ar_cmd_fsm_0/m_payload_i_reg[0]_1[0]                |                                                                                                                                                       |                9 |             48 |
|  zynq_interrupt_system_i/processing_system7_0/inst/FCLK_CLK0 |                                                                                                                                                                             | zynq_interrupt_system_i/ps7_0_axi_periph/s00_couplers/auto_pc/inst/gen_axilite.gen_b2s_conv.axilite_b2s/areset_d1                                     |               13 |             59 |
|  zynq_interrupt_system_i/processing_system7_0/inst/FCLK_CLK0 |                                                                                                                                                                             |                                                                                                                                                       |               58 |            171 |
+--------------------------------------------------------------+-----------------------------------------------------------------------------------------------------------------------------------------------------------------------------+-------------------------------------------------------------------------------------------------------------------------------------------------------+------------------+----------------+


+--------+-----------------------+
| Fanout | Number of ControlSets |
+--------+-----------------------+
| 1      |                     4 |
| 2      |                     1 |
| 4      |                    13 |
| 5      |                     2 |
| 6      |                     3 |
| 7      |                     2 |
| 8      |                     4 |
| 9      |                     1 |
| 12     |                     5 |
| 13     |                     2 |
| 14     |                     2 |
| 16+    |                    23 |
+--------+-----------------------+


