#-----------------------------------------------------------
# Vivado v2017.4 (64-bit)
# SW Build 2086221 on Fri Dec 15 20:54:30 MST 2017
# IP Build 2085800 on Fri Dec 15 22:25:07 MST 2017
# Start of session at: Fri Feb  2 19:36:35 2018
# Process ID: 9709
# Current directory: /home/chris/Repos/EmbeddedSystems/Lab2/zynq_interrupts/zynq_interrupts.runs/zynq_interrupt_system_axi_gpio_1_0_synth_1
# Command line: vivado -log zynq_interrupt_system_axi_gpio_1_0.vds -product Vivado -mode batch -messageDb vivado.pb -notrace -source zynq_interrupt_system_axi_gpio_1_0.tcl
# Log file: /home/chris/Repos/EmbeddedSystems/Lab2/zynq_interrupts/zynq_interrupts.runs/zynq_interrupt_system_axi_gpio_1_0_synth_1/zynq_interrupt_system_axi_gpio_1_0.vds
# Journal file: /home/chris/Repos/EmbeddedSystems/Lab2/zynq_interrupts/zynq_interrupts.runs/zynq_interrupt_system_axi_gpio_1_0_synth_1/vivado.jou
#-----------------------------------------------------------
source zynq_interrupt_system_axi_gpio_1_0.tcl -notrace
